Archive member included to satisfy reference by file (symbol)

/home/ubuntu/esp/finger_scan/build/bootloader/main/libmain.a(bootloader_start.o)
                              (call_start_cpu)
/home/ubuntu/esp/finger_scan/build/bootloader/bootloader_support/libbootloader_support.a(bootloader_init.o)
                              /home/ubuntu/esp/finger_scan/build/bootloader/main/libmain.a(bootloader_start.o) (bootloader_init)
/home/ubuntu/esp/finger_scan/build/bootloader/bootloader_support/libbootloader_support.a(bootloader_utility.o)
                              /home/ubuntu/esp/finger_scan/build/bootloader/main/libmain.a(bootloader_start.o) (bootloader_utility_load_partition_table)
/home/ubuntu/esp/finger_scan/build/bootloader/bootloader_support/libbootloader_support.a(bootloader_flash.o)
                              /home/ubuntu/esp/finger_scan/build/bootloader/bootloader_support/libbootloader_support.a(bootloader_utility.o) (bootloader_mmap)
/home/ubuntu/esp/finger_scan/build/bootloader/bootloader_support/libbootloader_support.a(bootloader_common.o)
                              /home/ubuntu/esp/finger_scan/build/bootloader/bootloader_support/libbootloader_support.a(bootloader_utility.o) (bootloader_common_ota_select_valid)
/home/ubuntu/esp/finger_scan/build/bootloader/bootloader_support/libbootloader_support.a(flash_partitions.o)
                              /home/ubuntu/esp/finger_scan/build/bootloader/bootloader_support/libbootloader_support.a(bootloader_utility.o) (esp_partition_table_basic_verify)
/home/ubuntu/esp/finger_scan/build/bootloader/bootloader_support/libbootloader_support.a(esp_image_format.o)
                              /home/ubuntu/esp/finger_scan/build/bootloader/bootloader_support/libbootloader_support.a(bootloader_utility.o) (esp_image_load)
/home/ubuntu/esp/finger_scan/build/bootloader/spi_flash/libspi_flash.a(spi_flash.o)
                              /home/ubuntu/esp/finger_scan/build/bootloader/bootloader_support/libbootloader_support.a(flash_partitions.o) (g_rom_flashchip)
/home/ubuntu/esp/finger_scan/build/bootloader/spi_flash/libspi_flash.a(spi_flash_raw.o)
                              /home/ubuntu/esp/finger_scan/build/bootloader/spi_flash/libspi_flash.a(spi_flash.o) (spi_flash_get_id_raw)
/home/ubuntu/esp/finger_scan/build/bootloader/log/liblog.a(log.o)
                              /home/ubuntu/esp/finger_scan/build/bootloader/bootloader_support/libbootloader_support.a(bootloader_common.o) (esp_log_early_timestamp)
/home/ubuntu/esp/finger_scan/build/bootloader/esp8266/libesp8266.a(ets_printf.o)
                              /home/ubuntu/esp/finger_scan/build/bootloader/log/liblog.a(log.o) (ets_vprintf)
/home/ubuntu/esp/finger_scan/build/bootloader/esp8266/libesp8266.a(crc.o)
                              /home/ubuntu/esp/finger_scan/build/bootloader/bootloader_support/libbootloader_support.a(bootloader_common.o) (crc32_le)
/home/ubuntu/esp/finger_scan/build/bootloader/esp8266/libesp8266.a(esp_fast_boot.o)
                              /home/ubuntu/esp/finger_scan/build/bootloader/bootloader_support/libbootloader_support.a(bootloader_utility.o) (esp_fast_boot_get_info)
/home/ubuntu/esp/ESP8266_RTOS_SDK/components/esp8266/lib/libcore.a(phy.o)
                              /home/ubuntu/esp/finger_scan/build/bootloader/bootloader_support/libbootloader_support.a(bootloader_init.o) (phy_reg_default)
/home/ubuntu/esp/ESP8266_RTOS_SDK/components/esp8266/lib/libcore.a(uart.o)
                              /home/ubuntu/esp/finger_scan/build/bootloader/bootloader_support/libbootloader_support.a(bootloader_init.o) (uart_div_modify)

Allocating common symbols
Common symbol       size              file

esp_image_spi_freq_t
                    0x4               /home/ubuntu/esp/finger_scan/build/bootloader/main/libmain.a(bootloader_start.o)

Discarded input sections

 .text          0x0000000000000000        0x0 /home/ubuntu/esp/finger_scan/build/bootloader/main/libmain.a(bootloader_start.o)
 .data          0x0000000000000000        0x0 /home/ubuntu/esp/finger_scan/build/bootloader/main/libmain.a(bootloader_start.o)
 .bss           0x0000000000000000        0x0 /home/ubuntu/esp/finger_scan/build/bootloader/main/libmain.a(bootloader_start.o)
 .xt.lit        0x0000000000000000       0x18 /home/ubuntu/esp/finger_scan/build/bootloader/main/libmain.a(bootloader_start.o)
 .xt.prop       0x0000000000000000       0xe4 /home/ubuntu/esp/finger_scan/build/bootloader/main/libmain.a(bootloader_start.o)
 COMMON         0x0000000000000000        0x4 /home/ubuntu/esp/finger_scan/build/bootloader/main/libmain.a(bootloader_start.o)
 .text          0x0000000000000000        0x0 /home/ubuntu/esp/finger_scan/build/bootloader/bootloader_support/libbootloader_support.a(bootloader_init.o)
 .data          0x0000000000000000        0x0 /home/ubuntu/esp/finger_scan/build/bootloader/bootloader_support/libbootloader_support.a(bootloader_init.o)
 .bss           0x0000000000000000        0x0 /home/ubuntu/esp/finger_scan/build/bootloader/bootloader_support/libbootloader_support.a(bootloader_init.o)
 .xt.lit        0x0000000000000000       0x28 /home/ubuntu/esp/finger_scan/build/bootloader/bootloader_support/libbootloader_support.a(bootloader_init.o)
 .xt.prop       0x0000000000000000      0x258 /home/ubuntu/esp/finger_scan/build/bootloader/bootloader_support/libbootloader_support.a(bootloader_init.o)
 .literal.bootloader_utility_fast_boot_image
                0x0000000000000000        0x8 /home/ubuntu/esp/finger_scan/build/bootloader/bootloader_support/libbootloader_support.a(bootloader_utility.o)
 .text          0x0000000000000000        0x0 /home/ubuntu/esp/finger_scan/build/bootloader/bootloader_support/libbootloader_support.a(bootloader_utility.o)
 .data          0x0000000000000000        0x0 /home/ubuntu/esp/finger_scan/build/bootloader/bootloader_support/libbootloader_support.a(bootloader_utility.o)
 .bss           0x0000000000000000        0x0 /home/ubuntu/esp/finger_scan/build/bootloader/bootloader_support/libbootloader_support.a(bootloader_utility.o)
 .text.bootloader_utility_fast_boot_image
                0x0000000000000000       0x27 /home/ubuntu/esp/finger_scan/build/bootloader/bootloader_support/libbootloader_support.a(bootloader_utility.o)
 .xt.lit        0x0000000000000000       0x40 /home/ubuntu/esp/finger_scan/build/bootloader/bootloader_support/libbootloader_support.a(bootloader_utility.o)
 .xt.prop       0x0000000000000000      0x528 /home/ubuntu/esp/finger_scan/build/bootloader/bootloader_support/libbootloader_support.a(bootloader_utility.o)
 .literal.bootloader_flash_write
                0x0000000000000000       0x28 /home/ubuntu/esp/finger_scan/build/bootloader/bootloader_support/libbootloader_support.a(bootloader_flash.o)
 .literal.bootloader_flash_erase_sector
                0x0000000000000000        0x4 /home/ubuntu/esp/finger_scan/build/bootloader/bootloader_support/libbootloader_support.a(bootloader_flash.o)
 .text          0x0000000000000000        0x0 /home/ubuntu/esp/finger_scan/build/bootloader/bootloader_support/libbootloader_support.a(bootloader_flash.o)
 .data          0x0000000000000000        0x0 /home/ubuntu/esp/finger_scan/build/bootloader/bootloader_support/libbootloader_support.a(bootloader_flash.o)
 .bss           0x0000000000000000        0x0 /home/ubuntu/esp/finger_scan/build/bootloader/bootloader_support/libbootloader_support.a(bootloader_flash.o)
 .text.bootloader_flash_write
                0x0000000000000000       0x9d /home/ubuntu/esp/finger_scan/build/bootloader/bootloader_support/libbootloader_support.a(bootloader_flash.o)
 .text.bootloader_flash_erase_sector
                0x0000000000000000       0x15 /home/ubuntu/esp/finger_scan/build/bootloader/bootloader_support/libbootloader_support.a(bootloader_flash.o)
 .xt.lit        0x0000000000000000       0x30 /home/ubuntu/esp/finger_scan/build/bootloader/bootloader_support/libbootloader_support.a(bootloader_flash.o)
 .xt.prop       0x0000000000000000      0x264 /home/ubuntu/esp/finger_scan/build/bootloader/bootloader_support/libbootloader_support.a(bootloader_flash.o)
 .literal.bootloader_common_check_long_hold_gpio
                0x0000000000000000       0x58 /home/ubuntu/esp/finger_scan/build/bootloader/bootloader_support/libbootloader_support.a(bootloader_common.o)
 .text          0x0000000000000000        0x0 /home/ubuntu/esp/finger_scan/build/bootloader/bootloader_support/libbootloader_support.a(bootloader_common.o)
 .data          0x0000000000000000        0x0 /home/ubuntu/esp/finger_scan/build/bootloader/bootloader_support/libbootloader_support.a(bootloader_common.o)
 .bss           0x0000000000000000        0x0 /home/ubuntu/esp/finger_scan/build/bootloader/bootloader_support/libbootloader_support.a(bootloader_common.o)
 .text.bootloader_common_check_long_hold_gpio
                0x0000000000000000      0x22c /home/ubuntu/esp/finger_scan/build/bootloader/bootloader_support/libbootloader_support.a(bootloader_common.o)
 .xt.lit        0x0000000000000000       0x18 /home/ubuntu/esp/finger_scan/build/bootloader/bootloader_support/libbootloader_support.a(bootloader_common.o)
 .xt.prop       0x0000000000000000      0x420 /home/ubuntu/esp/finger_scan/build/bootloader/bootloader_support/libbootloader_support.a(bootloader_common.o)
 .text          0x0000000000000000        0x0 /home/ubuntu/esp/finger_scan/build/bootloader/bootloader_support/libbootloader_support.a(flash_partitions.o)
 .data          0x0000000000000000        0x0 /home/ubuntu/esp/finger_scan/build/bootloader/bootloader_support/libbootloader_support.a(flash_partitions.o)
 .bss           0x0000000000000000        0x0 /home/ubuntu/esp/finger_scan/build/bootloader/bootloader_support/libbootloader_support.a(flash_partitions.o)
 .xt.lit        0x0000000000000000        0x8 /home/ubuntu/esp/finger_scan/build/bootloader/bootloader_support/libbootloader_support.a(flash_partitions.o)
 .xt.prop       0x0000000000000000       0xfc /home/ubuntu/esp/finger_scan/build/bootloader/bootloader_support/libbootloader_support.a(flash_partitions.o)
 .literal.esp_image_verify_bootloader
                0x0000000000000000        0x8 /home/ubuntu/esp/finger_scan/build/bootloader/bootloader_support/libbootloader_support.a(esp_image_format.o)
 .text          0x0000000000000000        0x0 /home/ubuntu/esp/finger_scan/build/bootloader/bootloader_support/libbootloader_support.a(esp_image_format.o)
 .data          0x0000000000000000        0x0 /home/ubuntu/esp/finger_scan/build/bootloader/bootloader_support/libbootloader_support.a(esp_image_format.o)
 .bss           0x0000000000000000        0x0 /home/ubuntu/esp/finger_scan/build/bootloader/bootloader_support/libbootloader_support.a(esp_image_format.o)
 .text.esp_image_verify_bootloader
                0x0000000000000000       0x41 /home/ubuntu/esp/finger_scan/build/bootloader/bootloader_support/libbootloader_support.a(esp_image_format.o)
 .xt.lit        0x0000000000000000       0x40 /home/ubuntu/esp/finger_scan/build/bootloader/bootloader_support/libbootloader_support.a(esp_image_format.o)
 .xt.prop       0x0000000000000000      0x474 /home/ubuntu/esp/finger_scan/build/bootloader/bootloader_support/libbootloader_support.a(esp_image_format.o)
 .literal.spi_flash_program
                0x0000000000000000       0x20 /home/ubuntu/esp/finger_scan/build/bootloader/spi_flash/libspi_flash.a(spi_flash.o)
 .literal.__spi_flash_write
                0x0000000000000000        0x8 /home/ubuntu/esp/finger_scan/build/bootloader/spi_flash/libspi_flash.a(spi_flash.o)
 .literal.__spi_flash_read
                0x0000000000000000       0x10 /home/ubuntu/esp/finger_scan/build/bootloader/spi_flash/libspi_flash.a(spi_flash.o)
 .literal.spi_flash_write_status
                0x0000000000000000        0xc /home/ubuntu/esp/finger_scan/build/bootloader/spi_flash/libspi_flash.a(spi_flash.o)
 .literal.spi_flash_check_wr_protect
                0x0000000000000000       0x4c /home/ubuntu/esp/finger_scan/build/bootloader/spi_flash/libspi_flash.a(spi_flash.o)
 .literal.spi_flash_erase_sector
                0x0000000000000000       0x18 /home/ubuntu/esp/finger_scan/build/bootloader/spi_flash/libspi_flash.a(spi_flash.o)
 .literal.spi_flash_read
                0x0000000000000000       0x24 /home/ubuntu/esp/finger_scan/build/bootloader/spi_flash/libspi_flash.a(spi_flash.o)
 .literal.spi_flash_write
                0x0000000000000000       0x3c /home/ubuntu/esp/finger_scan/build/bootloader/spi_flash/libspi_flash.a(spi_flash.o)
 .literal.spi_flash_erase_range
                0x0000000000000000       0x10 /home/ubuntu/esp/finger_scan/build/bootloader/spi_flash/libspi_flash.a(spi_flash.o)
 .literal.spi_flash_cache2phys
                0x0000000000000000       0x14 /home/ubuntu/esp/finger_scan/build/bootloader/spi_flash/libspi_flash.a(spi_flash.o)
 .literal.spi_flash_get_chip_size
                0x0000000000000000        0x4 /home/ubuntu/esp/finger_scan/build/bootloader/spi_flash/libspi_flash.a(spi_flash.o)
 .text          0x0000000000000000        0x0 /home/ubuntu/esp/finger_scan/build/bootloader/spi_flash/libspi_flash.a(spi_flash.o)
 .data          0x0000000000000000        0x0 /home/ubuntu/esp/finger_scan/build/bootloader/spi_flash/libspi_flash.a(spi_flash.o)
 .bss           0x0000000000000000        0x0 /home/ubuntu/esp/finger_scan/build/bootloader/spi_flash/libspi_flash.a(spi_flash.o)
 .text.spi_flash_program
                0x0000000000000000       0xcb /home/ubuntu/esp/finger_scan/build/bootloader/spi_flash/libspi_flash.a(spi_flash.o)
 .text.__spi_flash_write
                0x0000000000000000       0x23 /home/ubuntu/esp/finger_scan/build/bootloader/spi_flash/libspi_flash.a(spi_flash.o)
 .text.__spi_flash_read
                0x0000000000000000       0x31 /home/ubuntu/esp/finger_scan/build/bootloader/spi_flash/libspi_flash.a(spi_flash.o)
 .text.spi_flash_write_status
                0x0000000000000000       0x2a /home/ubuntu/esp/finger_scan/build/bootloader/spi_flash/libspi_flash.a(spi_flash.o)
 .text.spi_flash_check_wr_protect
                0x0000000000000000      0x161 /home/ubuntu/esp/finger_scan/build/bootloader/spi_flash/libspi_flash.a(spi_flash.o)
 .text.spi_flash_erase_sector
                0x0000000000000000       0x56 /home/ubuntu/esp/finger_scan/build/bootloader/spi_flash/libspi_flash.a(spi_flash.o)
 .text.spi_flash_read
                0x0000000000000000      0x110 /home/ubuntu/esp/finger_scan/build/bootloader/spi_flash/libspi_flash.a(spi_flash.o)
 .text.spi_flash_write
                0x0000000000000000      0x170 /home/ubuntu/esp/finger_scan/build/bootloader/spi_flash/libspi_flash.a(spi_flash.o)
 .text.spi_flash_erase_range
                0x0000000000000000       0x6d /home/ubuntu/esp/finger_scan/build/bootloader/spi_flash/libspi_flash.a(spi_flash.o)
 .text.spi_flash_cache2phys
                0x0000000000000000       0x48 /home/ubuntu/esp/finger_scan/build/bootloader/spi_flash/libspi_flash.a(spi_flash.o)
 .text.spi_flash_get_chip_size
                0x0000000000000000        0x7 /home/ubuntu/esp/finger_scan/build/bootloader/spi_flash/libspi_flash.a(spi_flash.o)
 .xt.lit        0x0000000000000000       0xd0 /home/ubuntu/esp/finger_scan/build/bootloader/spi_flash/libspi_flash.a(spi_flash.o)
 .xt.prop       0x0000000000000000      0xbdc /home/ubuntu/esp/finger_scan/build/bootloader/spi_flash/libspi_flash.a(spi_flash.o)
 .literal.spi_flash_write_status_raw
                0x0000000000000000       0x1c /home/ubuntu/esp/finger_scan/build/bootloader/spi_flash/libspi_flash.a(spi_flash_raw.o)
 .literal.spi_flash_erase_sector_raw
                0x0000000000000000       0x14 /home/ubuntu/esp/finger_scan/build/bootloader/spi_flash/libspi_flash.a(spi_flash_raw.o)
 .literal.spi_flash_write_raw
                0x0000000000000000        0xc /home/ubuntu/esp/finger_scan/build/bootloader/spi_flash/libspi_flash.a(spi_flash_raw.o)
 .literal.spi_flash_read_raw
                0x0000000000000000        0xc /home/ubuntu/esp/finger_scan/build/bootloader/spi_flash/libspi_flash.a(spi_flash_raw.o)
 .text          0x0000000000000000        0x0 /home/ubuntu/esp/finger_scan/build/bootloader/spi_flash/libspi_flash.a(spi_flash_raw.o)
 .data          0x0000000000000000        0x0 /home/ubuntu/esp/finger_scan/build/bootloader/spi_flash/libspi_flash.a(spi_flash_raw.o)
 .bss           0x0000000000000000        0x0 /home/ubuntu/esp/finger_scan/build/bootloader/spi_flash/libspi_flash.a(spi_flash_raw.o)
 .text.spi_flash_write_status_raw
                0x0000000000000000       0x5c /home/ubuntu/esp/finger_scan/build/bootloader/spi_flash/libspi_flash.a(spi_flash_raw.o)
 .text.spi_flash_erase_sector_raw
                0x0000000000000000       0x54 /home/ubuntu/esp/finger_scan/build/bootloader/spi_flash/libspi_flash.a(spi_flash_raw.o)
 .text.spi_flash_write_raw
                0x0000000000000000       0x43 /home/ubuntu/esp/finger_scan/build/bootloader/spi_flash/libspi_flash.a(spi_flash_raw.o)
 .text.spi_flash_read_raw
                0x0000000000000000       0x43 /home/ubuntu/esp/finger_scan/build/bootloader/spi_flash/libspi_flash.a(spi_flash_raw.o)
 .xt.lit        0x0000000000000000       0x58 /home/ubuntu/esp/finger_scan/build/bootloader/spi_flash/libspi_flash.a(spi_flash_raw.o)
 .xt.prop       0x0000000000000000      0x360 /home/ubuntu/esp/finger_scan/build/bootloader/spi_flash/libspi_flash.a(spi_flash_raw.o)
 .text          0x0000000000000000        0x0 /home/ubuntu/esp/finger_scan/build/bootloader/log/liblog.a(log.o)
 .data          0x0000000000000000        0x0 /home/ubuntu/esp/finger_scan/build/bootloader/log/liblog.a(log.o)
 .bss           0x0000000000000000        0x0 /home/ubuntu/esp/finger_scan/build/bootloader/log/liblog.a(log.o)
 .xt.lit        0x0000000000000000       0x10 /home/ubuntu/esp/finger_scan/build/bootloader/log/liblog.a(log.o)
 .xt.prop       0x0000000000000000       0xcc /home/ubuntu/esp/finger_scan/build/bootloader/log/liblog.a(log.o)
 .text          0x0000000000000000        0x0 /home/ubuntu/esp/finger_scan/build/bootloader/esp8266/libesp8266.a(ets_printf.o)
 .data          0x0000000000000000        0x0 /home/ubuntu/esp/finger_scan/build/bootloader/esp8266/libesp8266.a(ets_printf.o)
 .bss           0x0000000000000000        0x0 /home/ubuntu/esp/finger_scan/build/bootloader/esp8266/libesp8266.a(ets_printf.o)
 .xt.lit        0x0000000000000000       0x20 /home/ubuntu/esp/finger_scan/build/bootloader/esp8266/libesp8266.a(ets_printf.o)
 .xt.prop       0x0000000000000000       0xcc /home/ubuntu/esp/finger_scan/build/bootloader/esp8266/libesp8266.a(ets_printf.o)
 .literal.crc16_le
                0x0000000000000000        0x4 /home/ubuntu/esp/finger_scan/build/bootloader/esp8266/libesp8266.a(crc.o)
 .literal.esp_crc8
                0x0000000000000000        0x4 /home/ubuntu/esp/finger_scan/build/bootloader/esp8266/libesp8266.a(crc.o)
 .text          0x0000000000000000        0x0 /home/ubuntu/esp/finger_scan/build/bootloader/esp8266/libesp8266.a(crc.o)
 .data          0x0000000000000000        0x0 /home/ubuntu/esp/finger_scan/build/bootloader/esp8266/libesp8266.a(crc.o)
 .bss           0x0000000000000000        0x0 /home/ubuntu/esp/finger_scan/build/bootloader/esp8266/libesp8266.a(crc.o)
 .text.crc16_le
                0x0000000000000000       0x39 /home/ubuntu/esp/finger_scan/build/bootloader/esp8266/libesp8266.a(crc.o)
 .text.esp_crc8
                0x0000000000000000       0x21 /home/ubuntu/esp/finger_scan/build/bootloader/esp8266/libesp8266.a(crc.o)
 .rodata.crc8_le_table
                0x0000000000000000      0x100 /home/ubuntu/esp/finger_scan/build/bootloader/esp8266/libesp8266.a(crc.o)
 .rodata.crc16_le_table
                0x0000000000000000      0x200 /home/ubuntu/esp/finger_scan/build/bootloader/esp8266/libesp8266.a(crc.o)
 .xt.lit        0x0000000000000000       0x18 /home/ubuntu/esp/finger_scan/build/bootloader/esp8266/libesp8266.a(crc.o)
 .xt.prop       0x0000000000000000       0xfc /home/ubuntu/esp/finger_scan/build/bootloader/esp8266/libesp8266.a(crc.o)
 .literal.esp_fast_boot_disable
                0x0000000000000000        0x4 /home/ubuntu/esp/finger_scan/build/bootloader/esp8266/libesp8266.a(esp_fast_boot.o)
 .literal.esp_fast_boot_get_info
                0x0000000000000000       0x2c /home/ubuntu/esp/finger_scan/build/bootloader/esp8266/libesp8266.a(esp_fast_boot.o)
 .literal.esp_fast_boot_print_info
                0x0000000000000000       0x2c /home/ubuntu/esp/finger_scan/build/bootloader/esp8266/libesp8266.a(esp_fast_boot.o)
 .text          0x0000000000000000        0x0 /home/ubuntu/esp/finger_scan/build/bootloader/esp8266/libesp8266.a(esp_fast_boot.o)
 .data          0x0000000000000000        0x0 /home/ubuntu/esp/finger_scan/build/bootloader/esp8266/libesp8266.a(esp_fast_boot.o)
 .bss           0x0000000000000000        0x0 /home/ubuntu/esp/finger_scan/build/bootloader/esp8266/libesp8266.a(esp_fast_boot.o)
 .text.esp_fast_boot_disable
                0x0000000000000000       0x11 /home/ubuntu/esp/finger_scan/build/bootloader/esp8266/libesp8266.a(esp_fast_boot.o)
 .rodata.str1.4
                0x0000000000000000       0x7d /home/ubuntu/esp/finger_scan/build/bootloader/esp8266/libesp8266.a(esp_fast_boot.o)
 .text.esp_fast_boot_get_info
                0x0000000000000000       0x86 /home/ubuntu/esp/finger_scan/build/bootloader/esp8266/libesp8266.a(esp_fast_boot.o)
 .text.esp_fast_boot_print_info
                0x0000000000000000       0x4d /home/ubuntu/esp/finger_scan/build/bootloader/esp8266/libesp8266.a(esp_fast_boot.o)
 .xt.lit        0x0000000000000000       0x18 /home/ubuntu/esp/finger_scan/build/bootloader/esp8266/libesp8266.a(esp_fast_boot.o)
 .xt.prop       0x0000000000000000       0xc0 /home/ubuntu/esp/finger_scan/build/bootloader/esp8266/libesp8266.a(esp_fast_boot.o)
 .literal.phy_reg_default
                0x0000000000000000        0x0 /home/ubuntu/esp/ESP8266_RTOS_SDK/components/esp8266/lib/libcore.a(phy.o)
 .text          0x0000000000000000        0x0 /home/ubuntu/esp/ESP8266_RTOS_SDK/components/esp8266/lib/libcore.a(phy.o)
 .data          0x0000000000000000        0x0 /home/ubuntu/esp/ESP8266_RTOS_SDK/components/esp8266/lib/libcore.a(phy.o)
 .bss           0x0000000000000000        0x0 /home/ubuntu/esp/ESP8266_RTOS_SDK/components/esp8266/lib/libcore.a(phy.o)
 .xt.lit        0x0000000000000000        0x8 /home/ubuntu/esp/ESP8266_RTOS_SDK/components/esp8266/lib/libcore.a(phy.o)
 .xt.prop       0x0000000000000000       0x48 /home/ubuntu/esp/ESP8266_RTOS_SDK/components/esp8266/lib/libcore.a(phy.o)
 .literal.uart_buff_switch
                0x0000000000000000        0x0 /home/ubuntu/esp/ESP8266_RTOS_SDK/components/esp8266/lib/libcore.a(uart.o)
 .literal.uart_div_modify
                0x0000000000000000        0x0 /home/ubuntu/esp/ESP8266_RTOS_SDK/components/esp8266/lib/libcore.a(uart.o)
 .literal.Uart_Init
                0x0000000000000000        0x0 /home/ubuntu/esp/ESP8266_RTOS_SDK/components/esp8266/lib/libcore.a(uart.o)
 .text          0x0000000000000000        0x0 /home/ubuntu/esp/ESP8266_RTOS_SDK/components/esp8266/lib/libcore.a(uart.o)
 .data          0x0000000000000000        0x0 /home/ubuntu/esp/ESP8266_RTOS_SDK/components/esp8266/lib/libcore.a(uart.o)
 .bss           0x0000000000000000        0x0 /home/ubuntu/esp/ESP8266_RTOS_SDK/components/esp8266/lib/libcore.a(uart.o)
 .text.uart_buff_switch
                0x0000000000000000        0x2 /home/ubuntu/esp/ESP8266_RTOS_SDK/components/esp8266/lib/libcore.a(uart.o)
 .text.Uart_Init
                0x0000000000000000        0x2 /home/ubuntu/esp/ESP8266_RTOS_SDK/components/esp8266/lib/libcore.a(uart.o)
 .xt.lit        0x0000000000000000        0x8 /home/ubuntu/esp/ESP8266_RTOS_SDK/components/esp8266/lib/libcore.a(uart.o)
 .xt.prop       0x0000000000000000       0x78 /home/ubuntu/esp/ESP8266_RTOS_SDK/components/esp8266/lib/libcore.a(uart.o)

Memory Configuration

Name             Origin             Length             Attributes
dport0_seg       0x000000003ff00000 0x0000000000000010
dram_seg         0x000000003ffe8000 0x0000000000017c00
iram_seg         0x0000000040100000 0x0000000000008000
*default*        0x0000000000000000 0xffffffffffffffff

Linker script and memory map

START GROUP
LOAD /home/ubuntu/esp/finger_scan/build/bootloader/main/libmain.a
LOAD /home/ubuntu/esp/ESP8266_RTOS_SDK/components/esp8266/lib/libcore.a
LOAD /home/ubuntu/esp/finger_scan/build/bootloader/bootloader_support/libbootloader_support.a
LOAD /home/ubuntu/esp/finger_scan/build/bootloader/spi_flash/libspi_flash.a
LOAD /home/ubuntu/esp/finger_scan/build/bootloader/log/liblog.a
LOAD /home/ubuntu/esp/finger_scan/build/bootloader/esp8266/libesp8266.a
LOAD /home/ubuntu/esp/ESP8266_RTOS_SDK/components/esp8266/lib/libgcc.a
LOAD /home/ubuntu/esp/xtensa-lx106-elf/bin/../lib/gcc/xtensa-lx106-elf/5.2.0/../../../../xtensa-lx106-elf/lib/libstdc++.a
LOAD /home/ubuntu/esp/xtensa-lx106-elf/bin/../lib/gcc/xtensa-lx106-elf/5.2.0/libgcov.a
END GROUP

.text           0x0000000040100000     0x1c16
                0x0000000040100000                _stext = .
                0x0000000040100000                _text_start = ABSOLUTE (.)
                0x0000000040100000                . = ALIGN (0x10)
 *(.entry.text)
 *(.init.literal)
 *(.init)
 *(.literal .text .literal.* .text.* .stub .gnu.warning .gnu.linkonce.literal.* .gnu.linkonce.t.*.literal .gnu.linkonce.t.*)
 .literal.selected_boot_partition
                0x0000000040100000        0x0 /home/ubuntu/esp/finger_scan/build/bootloader/main/libmain.a(bootloader_start.o)
                                          0x4 (size before relaxing)
 .literal.select_image
                0x0000000040100000        0xc /home/ubuntu/esp/finger_scan/build/bootloader/main/libmain.a(bootloader_start.o)
                                         0x1c (size before relaxing)
 .literal.call_start_cpu
                0x000000004010000c        0x0 /home/ubuntu/esp/finger_scan/build/bootloader/main/libmain.a(bootloader_start.o)
                                          0xc (size before relaxing)
 .literal.print_flash_info
                0x000000004010000c       0x48 /home/ubuntu/esp/finger_scan/build/bootloader/bootloader_support/libbootloader_support.a(bootloader_init.o)
                                         0x54 (size before relaxing)
 .literal.uart_console_configure
                0x0000000040100054        0x0 /home/ubuntu/esp/finger_scan/build/bootloader/bootloader_support/libbootloader_support.a(bootloader_init.o)
                                          0x4 (size before relaxing)
 .literal.update_flash_config
                0x0000000040100054        0x4 /home/ubuntu/esp/finger_scan/build/bootloader/bootloader_support/libbootloader_support.a(bootloader_init.o)
                                          0x8 (size before relaxing)
 .literal.bootloader_main
                0x0000000040100058       0x10 /home/ubuntu/esp/finger_scan/build/bootloader/bootloader_support/libbootloader_support.a(bootloader_init.o)
                                         0x34 (size before relaxing)
 .literal.bootloader_init
                0x0000000040100068        0x8 /home/ubuntu/esp/finger_scan/build/bootloader/bootloader_support/libbootloader_support.a(bootloader_init.o)
                                         0x10 (size before relaxing)
 .literal.bootloader_utility_start_image
                0x0000000040100070        0x0 /home/ubuntu/esp/finger_scan/build/bootloader/bootloader_support/libbootloader_support.a(bootloader_utility.o)
                                          0x4 (size before relaxing)
 .literal.log_invalid_app_partition
                0x0000000040100070       0x14 /home/ubuntu/esp/finger_scan/build/bootloader/bootloader_support/libbootloader_support.a(bootloader_utility.o)
                                         0x20 (size before relaxing)
 .literal.try_load_partition
                0x0000000040100084        0x4 /home/ubuntu/esp/finger_scan/build/bootloader/bootloader_support/libbootloader_support.a(bootloader_utility.o)
                                         0x10 (size before relaxing)
 .literal.bootloader_utility_load_partition_table
                0x0000000040100088       0x4c /home/ubuntu/esp/finger_scan/build/bootloader/bootloader_support/libbootloader_support.a(bootloader_utility.o)
                                         0x74 (size before relaxing)
 .literal.bootloader_utility_get_selected_boot_partition
                0x00000000401000d4       0x1c /home/ubuntu/esp/finger_scan/build/bootloader/bootloader_support/libbootloader_support.a(bootloader_utility.o)
                                         0x5c (size before relaxing)
 .literal.bootloader_utility_load_boot_image
                0x00000000401000f0        0xc /home/ubuntu/esp/finger_scan/build/bootloader/bootloader_support/libbootloader_support.a(bootloader_utility.o)
                                         0x40 (size before relaxing)
 .literal.bootloader_utility_load_image
                0x00000000401000fc        0x0 /home/ubuntu/esp/finger_scan/build/bootloader/bootloader_support/libbootloader_support.a(bootloader_utility.o)
                                          0x4 (size before relaxing)
 .literal.bootloader_flash_read_no_decrypt
                0x00000000401000fc        0x4 /home/ubuntu/esp/finger_scan/build/bootloader/bootloader_support/libbootloader_support.a(bootloader_flash.o)
 .literal.bootloader_mmap
                0x0000000040100100       0x30 /home/ubuntu/esp/finger_scan/build/bootloader/bootloader_support/libbootloader_support.a(bootloader_flash.o)
                                         0x3c (size before relaxing)
 .literal.bootloader_munmap
                0x0000000040100130        0x0 /home/ubuntu/esp/finger_scan/build/bootloader/bootloader_support/libbootloader_support.a(bootloader_flash.o)
                                          0x8 (size before relaxing)
 .literal.bootloader_flash_read
                0x0000000040100130        0xc /home/ubuntu/esp/finger_scan/build/bootloader/bootloader_support/libbootloader_support.a(bootloader_flash.o)
                                         0x20 (size before relaxing)
 .literal.bootloader_common_ota_select_crc
                0x000000004010013c        0x0 /home/ubuntu/esp/finger_scan/build/bootloader/bootloader_support/libbootloader_support.a(bootloader_common.o)
                                          0x4 (size before relaxing)
 .literal.bootloader_common_ota_select_valid
                0x000000004010013c        0x0 /home/ubuntu/esp/finger_scan/build/bootloader/bootloader_support/libbootloader_support.a(bootloader_common.o)
                                          0x4 (size before relaxing)
 .literal.esp_partition_table_basic_verify
                0x000000004010013c       0x1c /home/ubuntu/esp/finger_scan/build/bootloader/bootloader_support/libbootloader_support.a(flash_partitions.o)
                                         0x2c (size before relaxing)
 .literal.should_map
                0x0000000040100158        0x4 /home/ubuntu/esp/finger_scan/build/bootloader/bootloader_support/libbootloader_support.a(esp_image_format.o)
                                          0x8 (size before relaxing)
 .literal.should_load
                0x000000004010015c        0x0 /home/ubuntu/esp/finger_scan/build/bootloader/bootloader_support/libbootloader_support.a(esp_image_format.o)
                                          0x4 (size before relaxing)
 .literal.verify_image_header
                0x000000004010015c       0x14 /home/ubuntu/esp/finger_scan/build/bootloader/bootloader_support/libbootloader_support.a(esp_image_format.o)
                                         0x20 (size before relaxing)
 .literal.process_segment_data
                0x0000000040100170        0x8 /home/ubuntu/esp/finger_scan/build/bootloader/bootloader_support/libbootloader_support.a(esp_image_format.o)
                                         0x14 (size before relaxing)
 .literal.verify_checksum
                0x0000000040100178        0x8 /home/ubuntu/esp/finger_scan/build/bootloader/bootloader_support/libbootloader_support.a(esp_image_format.o)
                                         0x1c (size before relaxing)
 .literal.process_segment
                0x0000000040100180       0x18 /home/ubuntu/esp/finger_scan/build/bootloader/bootloader_support/libbootloader_support.a(esp_image_format.o)
                                         0x40 (size before relaxing)
 .literal.esp_image_load
                0x0000000040100198       0x14 /home/ubuntu/esp/finger_scan/build/bootloader/bootloader_support/libbootloader_support.a(esp_image_format.o)
                                         0x44 (size before relaxing)
 .literal.spi_user_cmd
                0x00000000401001ac        0x4 /home/ubuntu/esp/finger_scan/build/bootloader/spi_flash/libspi_flash.a(spi_flash.o)
                                          0xc (size before relaxing)
 .literal.special_flash_read_status
                0x00000000401001b0        0x0 /home/ubuntu/esp/finger_scan/build/bootloader/spi_flash/libspi_flash.a(spi_flash.o)
                                          0x4 (size before relaxing)
 .literal.flash_gd25q32c_read_status
                0x00000000401001b0        0x0 /home/ubuntu/esp/finger_scan/build/bootloader/spi_flash/libspi_flash.a(spi_flash.o)
                                          0x4 (size before relaxing)
 .literal.special_flash_write_status
                0x00000000401001b0        0x0 /home/ubuntu/esp/finger_scan/build/bootloader/spi_flash/libspi_flash.a(spi_flash.o)
                                          0x8 (size before relaxing)
 .literal.spi_flash_enable_qio_bit6
                0x00000000401001b0        0x0 /home/ubuntu/esp/finger_scan/build/bootloader/spi_flash/libspi_flash.a(spi_flash.o)
                                          0x4 (size before relaxing)
 .literal.flash_gd25q32c_write_status
                0x00000000401001b0        0x0 /home/ubuntu/esp/finger_scan/build/bootloader/spi_flash/libspi_flash.a(spi_flash.o)
                                          0x4 (size before relaxing)
 .literal.flash_gd25q32c_enable_QIO_mode
                0x00000000401001b0        0x0 /home/ubuntu/esp/finger_scan/build/bootloader/spi_flash/libspi_flash.a(spi_flash.o)
                                          0xc (size before relaxing)
 .literal.en25q16x_read_sfdp
                0x00000000401001b0        0x4 /home/ubuntu/esp/finger_scan/build/bootloader/spi_flash/libspi_flash.a(spi_flash.o)
                                          0x8 (size before relaxing)
 .literal.spi_flash_get_id
                0x00000000401001b4        0x0 /home/ubuntu/esp/finger_scan/build/bootloader/spi_flash/libspi_flash.a(spi_flash.o)
                                          0xc (size before relaxing)
 .literal.spi_flash_read_status
                0x00000000401001b4        0x0 /home/ubuntu/esp/finger_scan/build/bootloader/spi_flash/libspi_flash.a(spi_flash.o)
                                          0xc (size before relaxing)
 .literal.spi_flash_issi_enable_QIO_mode
                0x00000000401001b4        0x0 /home/ubuntu/esp/finger_scan/build/bootloader/spi_flash/libspi_flash.a(spi_flash.o)
                                          0xc (size before relaxing)
 .literal.special_flash_set_mode
                0x00000000401001b4        0x0 /home/ubuntu/esp/finger_scan/build/bootloader/spi_flash/libspi_flash.a(spi_flash.o)
                                          0x8 (size before relaxing)
 .literal.en25q16x_write_volatile_status
                0x00000000401001b4        0x0 /home/ubuntu/esp/finger_scan/build/bootloader/spi_flash/libspi_flash.a(spi_flash.o)
                                         0x14 (size before relaxing)
 .literal.user_spi_flash_dio_to_qio_pre_init
                0x00000000401001b4        0xc /home/ubuntu/esp/finger_scan/build/bootloader/spi_flash/libspi_flash.a(spi_flash.o)
                                         0x30 (size before relaxing)
 .literal.esp_spi_flash_init
                0x00000000401001c0       0x20 /home/ubuntu/esp/finger_scan/build/bootloader/spi_flash/libspi_flash.a(spi_flash.o)
                                         0x28 (size before relaxing)
 .literal.Cache_Read_Disable_2
                0x00000000401001e0        0xc /home/ubuntu/esp/finger_scan/build/bootloader/spi_flash/libspi_flash.a(spi_flash_raw.o)
                                         0x10 (size before relaxing)
 .literal.Cache_Read_Enable_2
                0x00000000401001ec        0x4 /home/ubuntu/esp/finger_scan/build/bootloader/spi_flash/libspi_flash.a(spi_flash_raw.o)
                                          0xc (size before relaxing)
 .literal.spi_flash_get_id_raw
                0x00000000401001f0       0x10 /home/ubuntu/esp/finger_scan/build/bootloader/spi_flash/libspi_flash.a(spi_flash_raw.o)
                                         0x1c (size before relaxing)
 .literal.spi_flash_read_status_raw
                0x0000000040100200        0x4 /home/ubuntu/esp/finger_scan/build/bootloader/spi_flash/libspi_flash.a(spi_flash_raw.o)
                                          0xc (size before relaxing)
 .literal.spi_flash_enable_qmode_raw
                0x0000000040100204        0x4 /home/ubuntu/esp/finger_scan/build/bootloader/spi_flash/libspi_flash.a(spi_flash_raw.o)
                                         0x10 (size before relaxing)
 .literal.spi_user_cmd_raw
                0x0000000040100208       0x64 /home/ubuntu/esp/finger_scan/build/bootloader/spi_flash/libspi_flash.a(spi_flash_raw.o)
                                         0x8c (size before relaxing)
 .literal.spi_flash_switch_to_qio_raw
                0x000000004010026c        0x8 /home/ubuntu/esp/finger_scan/build/bootloader/spi_flash/libspi_flash.a(spi_flash_raw.o)
                                          0xc (size before relaxing)
 .literal.uart_putc
                0x0000000040100274        0xc /home/ubuntu/esp/finger_scan/build/bootloader/esp8266/libesp8266.a(ets_printf.o)
 .literal.ets_putc
                0x0000000040100280        0x0 /home/ubuntu/esp/finger_scan/build/bootloader/esp8266/libesp8266.a(ets_printf.o)
                                          0x8 (size before relaxing)
 .literal.ets_vprintf
                0x0000000040100280        0x8 /home/ubuntu/esp/finger_scan/build/bootloader/esp8266/libesp8266.a(ets_printf.o)
 .literal.ets_printf
                0x0000000040100288        0x0 /home/ubuntu/esp/finger_scan/build/bootloader/esp8266/libesp8266.a(ets_printf.o)
                                          0x4 (size before relaxing)
 .literal.crc32_le
                0x0000000040100288        0x4 /home/ubuntu/esp/finger_scan/build/bootloader/esp8266/libesp8266.a(crc.o)
 .iram1.0.literal
                0x000000004010028c        0x8 /home/ubuntu/esp/finger_scan/build/bootloader/log/liblog.a(log.o)
 .iram1.1.literal
                0x0000000040100294       0x18 /home/ubuntu/esp/finger_scan/build/bootloader/log/liblog.a(log.o)
                                         0x30 (size before relaxing)
 .text.selected_boot_partition
                0x00000000401002ac        0xf /home/ubuntu/esp/finger_scan/build/bootloader/main/libmain.a(bootloader_start.o)
                                         0x13 (size before relaxing)
 *fill*         0x00000000401002bb        0x1 
 .text.select_image
                0x00000000401002bc       0x68 /home/ubuntu/esp/finger_scan/build/bootloader/main/libmain.a(bootloader_start.o)
                                         0x70 (size before relaxing)
 .text.call_start_cpu
                0x0000000040100324       0x26 /home/ubuntu/esp/finger_scan/build/bootloader/main/libmain.a(bootloader_start.o)
                                         0x2e (size before relaxing)
                0x0000000040100324                call_start_cpu
 *fill*         0x000000004010034a        0x2 
 .text.print_flash_info
                0x000000004010034c       0xc6 /home/ubuntu/esp/finger_scan/build/bootloader/bootloader_support/libbootloader_support.a(bootloader_init.o)
                                         0xca (size before relaxing)
 *fill*         0x0000000040100412        0x2 
 .text.uart_console_configure
                0x0000000040100414       0x17 /home/ubuntu/esp/finger_scan/build/bootloader/bootloader_support/libbootloader_support.a(bootloader_init.o)
 *fill*         0x000000004010042b        0x1 
 .text.update_flash_config
                0x000000004010042c       0x21 /home/ubuntu/esp/finger_scan/build/bootloader/bootloader_support/libbootloader_support.a(bootloader_init.o)
 *fill*         0x000000004010044d        0x3 
 .text.bootloader_main
                0x0000000040100450       0x69 /home/ubuntu/esp/finger_scan/build/bootloader/bootloader_support/libbootloader_support.a(bootloader_init.o)
                                         0x7d (size before relaxing)
 *fill*         0x00000000401004b9        0x3 
 .text.bootloader_init
                0x00000000401004bc       0x25 /home/ubuntu/esp/finger_scan/build/bootloader/bootloader_support/libbootloader_support.a(bootloader_init.o)
                                         0x29 (size before relaxing)
                0x00000000401004bc                bootloader_init
 *fill*         0x00000000401004e1        0x3 
 .text.bootloader_utility_start_image
                0x00000000401004e4       0x20 /home/ubuntu/esp/finger_scan/build/bootloader/bootloader_support/libbootloader_support.a(bootloader_utility.o)
                                         0x24 (size before relaxing)
 .text.log_invalid_app_partition
                0x0000000040100504       0x4b /home/ubuntu/esp/finger_scan/build/bootloader/bootloader_support/libbootloader_support.a(bootloader_utility.o)
                                         0x53 (size before relaxing)
 *fill*         0x000000004010054f        0x1 
 .text.try_load_partition
                0x0000000040100550       0x3d /home/ubuntu/esp/finger_scan/build/bootloader/bootloader_support/libbootloader_support.a(bootloader_utility.o)
                                         0x41 (size before relaxing)
 *fill*         0x000000004010058d        0x3 
 .text.bootloader_utility_load_partition_table
                0x0000000040100590      0x171 /home/ubuntu/esp/finger_scan/build/bootloader/bootloader_support/libbootloader_support.a(bootloader_utility.o)
                                        0x185 (size before relaxing)
                0x0000000040100590                bootloader_utility_load_partition_table
 *fill*         0x0000000040100701        0x3 
 .text.bootloader_utility_get_selected_boot_partition
                0x0000000040100704      0x146 /home/ubuntu/esp/finger_scan/build/bootloader/bootloader_support/libbootloader_support.a(bootloader_utility.o)
                                        0x15e (size before relaxing)
                0x0000000040100704                bootloader_utility_get_selected_boot_partition
 *fill*         0x000000004010084a        0x2 
 .text.bootloader_utility_load_boot_image
                0x000000004010084c       0xd6 /home/ubuntu/esp/finger_scan/build/bootloader/bootloader_support/libbootloader_support.a(bootloader_utility.o)
                                         0xfa (size before relaxing)
                0x000000004010084c                bootloader_utility_load_boot_image
 *fill*         0x0000000040100922        0x2 
 .text.bootloader_utility_load_image
                0x0000000040100924       0x19 /home/ubuntu/esp/finger_scan/build/bootloader/bootloader_support/libbootloader_support.a(bootloader_utility.o)
                0x0000000040100924                bootloader_utility_load_image
 *fill*         0x000000004010093d        0x3 
 .text.bootloader_flash_read_no_decrypt
                0x0000000040100940       0x15 /home/ubuntu/esp/finger_scan/build/bootloader/bootloader_support/libbootloader_support.a(bootloader_flash.o)
 *fill*         0x0000000040100955        0x3 
 .text.bootloader_mmap
                0x0000000040100958       0xa6 /home/ubuntu/esp/finger_scan/build/bootloader/bootloader_support/libbootloader_support.a(bootloader_flash.o)
                                         0xaa (size before relaxing)
                0x0000000040100958                bootloader_mmap
 *fill*         0x00000000401009fe        0x2 
 .text.bootloader_munmap
                0x0000000040100a00       0x23 /home/ubuntu/esp/finger_scan/build/bootloader/bootloader_support/libbootloader_support.a(bootloader_flash.o)
                0x0000000040100a00                bootloader_munmap
 *fill*         0x0000000040100a23        0x1 
 .text.bootloader_flash_read
                0x0000000040100a24       0x5b /home/ubuntu/esp/finger_scan/build/bootloader/bootloader_support/libbootloader_support.a(bootloader_flash.o)
                                         0x62 (size before relaxing)
                0x0000000040100a24                bootloader_flash_read
 *fill*         0x0000000040100a7f        0x1 
 .text.bootloader_common_ota_select_crc
                0x0000000040100a80       0x18 /home/ubuntu/esp/finger_scan/build/bootloader/bootloader_support/libbootloader_support.a(bootloader_common.o)
                0x0000000040100a80                bootloader_common_ota_select_crc
 .text.bootloader_common_ota_select_valid
                0x0000000040100a98       0x2c /home/ubuntu/esp/finger_scan/build/bootloader/bootloader_support/libbootloader_support.a(bootloader_common.o)
                0x0000000040100a98                bootloader_common_ota_select_valid
 .text.esp_partition_table_basic_verify
                0x0000000040100ac4       0xe7 /home/ubuntu/esp/finger_scan/build/bootloader/bootloader_support/libbootloader_support.a(flash_partitions.o)
                                         0xeb (size before relaxing)
                0x0000000040100ac4                esp_partition_table_basic_verify
 *fill*         0x0000000040100bab        0x1 
 .text.should_map
                0x0000000040100bac       0x15 /home/ubuntu/esp/finger_scan/build/bootloader/bootloader_support/libbootloader_support.a(esp_image_format.o)
 *fill*         0x0000000040100bc1        0x3 
 .text.should_load
                0x0000000040100bc4       0x19 /home/ubuntu/esp/finger_scan/build/bootloader/bootloader_support/libbootloader_support.a(esp_image_format.o)
                                         0x1d (size before relaxing)
 *fill*         0x0000000040100bdd        0x3 
 .text.verify_image_header
                0x0000000040100be0       0x7d /home/ubuntu/esp/finger_scan/build/bootloader/bootloader_support/libbootloader_support.a(esp_image_format.o)
                                         0x85 (size before relaxing)
 *fill*         0x0000000040100c5d        0x3 
 .text.process_segment_data
                0x0000000040100c60       0x87 /home/ubuntu/esp/finger_scan/build/bootloader/bootloader_support/libbootloader_support.a(esp_image_format.o)
                                         0x8f (size before relaxing)
 *fill*         0x0000000040100ce7        0x1 
 .text.verify_checksum
                0x0000000040100ce8       0x92 /home/ubuntu/esp/finger_scan/build/bootloader/bootloader_support/libbootloader_support.a(esp_image_format.o)
                                         0x9a (size before relaxing)
 *fill*         0x0000000040100d7a        0x2 
 .text.process_segment
                0x0000000040100d7c      0x11a /home/ubuntu/esp/finger_scan/build/bootloader/bootloader_support/libbootloader_support.a(esp_image_format.o)
                                        0x12a (size before relaxing)
 *fill*         0x0000000040100e96        0x2 
 .text.esp_image_load
                0x0000000040100e98      0x193 /home/ubuntu/esp/finger_scan/build/bootloader/bootloader_support/libbootloader_support.a(esp_image_format.o)
                                        0x1ab (size before relaxing)
                0x0000000040100e98                esp_image_load
 *fill*         0x000000004010102b        0x1 
 .text.spi_user_cmd
                0x000000004010102c       0x4d /home/ubuntu/esp/finger_scan/build/bootloader/spi_flash/libspi_flash.a(spi_flash.o)
                0x000000004010102c                spi_user_cmd
 *fill*         0x0000000040101079        0x3 
 .text.special_flash_read_status
                0x000000004010107c       0x39 /home/ubuntu/esp/finger_scan/build/bootloader/spi_flash/libspi_flash.a(spi_flash.o)
                                         0x3d (size before relaxing)
                0x000000004010107c                special_flash_read_status
 *fill*         0x00000000401010b5        0x3 
 .text.flash_gd25q32c_read_status
                0x00000000401010b8       0x33 /home/ubuntu/esp/finger_scan/build/bootloader/spi_flash/libspi_flash.a(spi_flash.o)
 *fill*         0x00000000401010eb        0x1 
 .text.special_flash_write_status
                0x00000000401010ec       0x59 /home/ubuntu/esp/finger_scan/build/bootloader/spi_flash/libspi_flash.a(spi_flash.o)
                                         0x61 (size before relaxing)
                0x00000000401010ec                special_flash_write_status
 *fill*         0x0000000040101145        0x3 
 .text.spi_flash_enable_qio_bit6
                0x0000000040101148       0x17 /home/ubuntu/esp/finger_scan/build/bootloader/spi_flash/libspi_flash.a(spi_flash.o)
                                         0x1b (size before relaxing)
 *fill*         0x000000004010115f        0x1 
 .text.flash_gd25q32c_write_status
                0x0000000040101160       0x30 /home/ubuntu/esp/finger_scan/build/bootloader/spi_flash/libspi_flash.a(spi_flash.o)
 .text.flash_gd25q32c_enable_QIO_mode
                0x0000000040101190       0x3e /home/ubuntu/esp/finger_scan/build/bootloader/spi_flash/libspi_flash.a(spi_flash.o)
                                         0x46 (size before relaxing)
 *fill*         0x00000000401011ce        0x2 
 .text.en25q16x_read_sfdp
                0x00000000401011d0       0x43 /home/ubuntu/esp/finger_scan/build/bootloader/spi_flash/libspi_flash.a(spi_flash.o)
                0x00000000401011d0                en25q16x_read_sfdp
 *fill*         0x0000000040101213        0x1 
 .text.spi_flash_get_id
                0x0000000040101214       0x26 /home/ubuntu/esp/finger_scan/build/bootloader/spi_flash/libspi_flash.a(spi_flash.o)
                0x0000000040101214                spi_flash_get_id
 *fill*         0x000000004010123a        0x2 
 .text.spi_flash_read_status
                0x000000004010123c       0x28 /home/ubuntu/esp/finger_scan/build/bootloader/spi_flash/libspi_flash.a(spi_flash.o)
                0x000000004010123c                spi_flash_read_status
 .text.spi_flash_issi_enable_QIO_mode
                0x0000000040101264       0x43 /home/ubuntu/esp/finger_scan/build/bootloader/spi_flash/libspi_flash.a(spi_flash.o)
                                         0x4b (size before relaxing)
 *fill*         0x00000000401012a7        0x1 
 .text.special_flash_set_mode
                0x00000000401012a8       0x40 /home/ubuntu/esp/finger_scan/build/bootloader/spi_flash/libspi_flash.a(spi_flash.o)
                                         0x44 (size before relaxing)
                0x00000000401012a8                special_flash_set_mode
 .text.en25q16x_write_volatile_status
                0x00000000401012e8       0x4f /home/ubuntu/esp/finger_scan/build/bootloader/spi_flash/libspi_flash.a(spi_flash.o)
                                         0x5b (size before relaxing)
                0x00000000401012e8                en25q16x_write_volatile_status
 *fill*         0x0000000040101337        0x1 
 .text.user_spi_flash_dio_to_qio_pre_init
                0x0000000040101338       0xb9 /home/ubuntu/esp/finger_scan/build/bootloader/spi_flash/libspi_flash.a(spi_flash.o)
                                         0xc5 (size before relaxing)
                0x0000000040101338                user_spi_flash_dio_to_qio_pre_init
 *fill*         0x00000000401013f1        0x3 
 .text.esp_spi_flash_init
                0x00000000401013f4       0xc1 /home/ubuntu/esp/finger_scan/build/bootloader/spi_flash/libspi_flash.a(spi_flash.o)
                                         0xc5 (size before relaxing)
                0x00000000401013f4                esp_spi_flash_init
 *fill*         0x00000000401014b5        0x3 
 .text.Cache_Read_Disable_2
                0x00000000401014b8       0x34 /home/ubuntu/esp/finger_scan/build/bootloader/spi_flash/libspi_flash.a(spi_flash_raw.o)
                0x00000000401014b8                Cache_Read_Disable_2
 .text.Cache_Read_Enable_2
                0x00000000401014ec       0x28 /home/ubuntu/esp/finger_scan/build/bootloader/spi_flash/libspi_flash.a(spi_flash_raw.o)
                0x00000000401014ec                Cache_Read_Enable_New
                0x00000000401014ec                Cache_Read_Enable_2
 .text.spi_flash_get_id_raw
                0x0000000040101514       0x57 /home/ubuntu/esp/finger_scan/build/bootloader/spi_flash/libspi_flash.a(spi_flash_raw.o)
                0x0000000040101514                spi_flash_get_id_raw
 *fill*         0x000000004010156b        0x1 
 .text.spi_flash_read_status_raw
                0x000000004010156c       0x2f /home/ubuntu/esp/finger_scan/build/bootloader/spi_flash/libspi_flash.a(spi_flash_raw.o)
                                         0x33 (size before relaxing)
                0x000000004010156c                spi_flash_read_status_raw
 *fill*         0x000000004010159b        0x1 
 .text.spi_flash_enable_qmode_raw
                0x000000004010159c       0x33 /home/ubuntu/esp/finger_scan/build/bootloader/spi_flash/libspi_flash.a(spi_flash_raw.o)
                                         0x37 (size before relaxing)
                0x000000004010159c                spi_flash_enable_qmode_raw
 *fill*         0x00000000401015cf        0x1 
 .text.spi_user_cmd_raw
                0x00000000401015d0      0x3d7 /home/ubuntu/esp/finger_scan/build/bootloader/spi_flash/libspi_flash.a(spi_flash_raw.o)
                0x00000000401015d0                spi_user_cmd_raw
 *fill*         0x00000000401019a7        0x1 
 .text.spi_flash_switch_to_qio_raw
                0x00000000401019a8       0x25 /home/ubuntu/esp/finger_scan/build/bootloader/spi_flash/libspi_flash.a(spi_flash_raw.o)
                0x00000000401019a8                spi_flash_switch_to_qio_raw
 *fill*         0x00000000401019cd        0x3 
 .text.uart_putc
                0x00000000401019d0       0x21 /home/ubuntu/esp/finger_scan/build/bootloader/esp8266/libesp8266.a(ets_printf.o)
 *fill*         0x00000000401019f1        0x3 
 .text.ets_putc
                0x00000000401019f4       0x27 /home/ubuntu/esp/finger_scan/build/bootloader/esp8266/libesp8266.a(ets_printf.o)
                0x00000000401019f4                ets_putc
 *fill*         0x0000000040101a1b        0x1 
 .text.ets_vprintf
                0x0000000040101a1c       0x1f /home/ubuntu/esp/finger_scan/build/bootloader/esp8266/libesp8266.a(ets_printf.o)
                0x0000000040101a1c                ets_vprintf
 *fill*         0x0000000040101a3b        0x1 
 .text.ets_printf
                0x0000000040101a3c       0x27 /home/ubuntu/esp/finger_scan/build/bootloader/esp8266/libesp8266.a(ets_printf.o)
                                         0x2b (size before relaxing)
                0x0000000040101a3c                ets_printf
 *fill*         0x0000000040101a63        0x1 
 .text.crc32_le
                0x0000000040101a64       0x2f /home/ubuntu/esp/finger_scan/build/bootloader/esp8266/libesp8266.a(crc.o)
                0x0000000040101a64                crc32_le
 *fill*         0x0000000040101a93        0x1 
 .text.phy_reg_default
                0x0000000040101a94       0x36 /home/ubuntu/esp/ESP8266_RTOS_SDK/components/esp8266/lib/libcore.a(phy.o)
                0x0000000040101aa4                phy_reg_default
 *fill*         0x0000000040101aca        0x2 
 .text.uart_div_modify
                0x0000000040101acc       0x50 /home/ubuntu/esp/ESP8266_RTOS_SDK/components/esp8266/lib/libcore.a(uart.o)
                0x0000000040101adc                uart_div_modify
 *fill*         0x0000000040101b1c        0x0 
 *fill*         0x0000000040101b1c        0x0 
 *fill*         0x0000000040101b1c        0x0 
 *fill*         0x0000000040101b1c        0x0 
 *fill*         0x0000000040101b1c        0x0 
 *fill*         0x0000000040101b1c        0x0 
 *fill*         0x0000000040101b1c        0x0 
 .text.index_to_partition
                0x0000000040101b1c       0x4b /home/ubuntu/esp/finger_scan/build/bootloader/bootloader_support/libbootloader_support.a(bootloader_utility.o)
 *fill*         0x0000000040101b67        0x0 
 *fill*         0x0000000040101b67        0x0 
 *fill*         0x0000000040101b67        0x0 
 *fill*         0x0000000040101b67        0x0 
 *fill*         0x0000000040101b67        0x0 
 *fill*         0x0000000040101b67        0x0 
 *fill*         0x0000000040101b67        0x0 
 *fill*         0x0000000040101b67        0x0 
 *fill*         0x0000000040101b67        0x0 
 *fill*         0x0000000040101b67        0x0 
 *fill*         0x0000000040101b67        0x0 
 *fill*         0x0000000040101b67        0x1 
 .text.verify_segment_header
                0x0000000040101b68        0x4 /home/ubuntu/esp/finger_scan/build/bootloader/bootloader_support/libbootloader_support.a(esp_image_format.o)
 *fill*         0x0000000040101b6c        0x0 
 *fill*         0x0000000040101b6c        0x0 
 *fill*         0x0000000040101b6c        0x0 
 *fill*         0x0000000040101b6c        0x0 
 *fill*         0x0000000040101b6c        0x0 
 *fill*         0x0000000040101b6c        0x0 
 *fill*         0x0000000040101b6c        0x0 
 *fill*         0x0000000040101b6c        0x0 
 *fill*         0x0000000040101b6c        0x0 
 *fill*         0x0000000040101b6c        0x0 
 *fill*         0x0000000040101b6c        0x0 
 *fill*         0x0000000040101b6c        0x0 
 *fill*         0x0000000040101b6c        0x0 
 *fill*         0x0000000040101b6c        0x0 
 *fill*         0x0000000040101b6c        0x0 
 *fill*         0x0000000040101b6c        0x0 
 *fill*         0x0000000040101b6c        0x0 
 *fill*         0x0000000040101b6c        0x0 
 *fill*         0x0000000040101b6c        0x0 
 *fill*         0x0000000040101b6c        0x0 
 *fill*         0x0000000040101b6c        0x0 
 *fill*         0x0000000040101b6c        0x0 
 *fill*         0x0000000040101b6c        0x0 
 *fill*         0x0000000040101b6c        0x0 
 *fill*         0x0000000040101b6c        0x0 
 *fill*         0x0000000040101b6c        0x0 
 *fill*         0x0000000040101b6c        0x0 
 *fill*         0x0000000040101b6c        0x0 
 *fill*         0x0000000040101b6c        0x0 
 *fill*         0x0000000040101b6c        0x0 
 *(.iram1 .iram1.*)
 .iram1.0       0x0000000040101b6c       0x18 /home/ubuntu/esp/finger_scan/build/bootloader/log/liblog.a(log.o)
                0x0000000040101b6c                esp_log_early_timestamp
 .iram1.1       0x0000000040101b84       0x92 /home/ubuntu/esp/finger_scan/build/bootloader/log/liblog.a(log.o)
                                         0x9d (size before relaxing)
                0x0000000040101b84                esp_early_log_write
 *(.fini.literal)
 *(.fini)
 *(.gnu.version)
                0x0000000040101c16                _text_end = ABSOLUTE (.)
                0x0000000040101c16                _etext = .

.bss            0x000000003ffe8000      0x408
                0x000000003ffe8000                . = ALIGN (0x8)
                0x000000003ffe8000                _bss_start = ABSOLUTE (.)
 *(.dynsbss)
 *(.sbss)
 *(.sbss.*)
 *(.gnu.linkonce.sb.*)
 *(.scommon)
 *(.sbss2)
 *(.sbss2.*)
 *(.gnu.linkonce.sb2.*)
 *(.dynbss)
 *(.bss)
 *(.bss.*)
 .bss.mapped    0x000000003ffe8000        0x1 /home/ubuntu/esp/finger_scan/build/bootloader/bootloader_support/libbootloader_support.a(bootloader_flash.o)
 *fill*         0x000000003ffe8001        0x3 
 .bss.pbuf$3476
                0x000000003ffe8004      0x400 /home/ubuntu/esp/finger_scan/build/bootloader/bootloader_support/libbootloader_support.a(esp_image_format.o)
 .bss.FlashIsOnGoing
                0x000000003ffe8404        0x1 /home/ubuntu/esp/finger_scan/build/bootloader/spi_flash/libspi_flash.a(spi_flash.o)
                0x000000003ffe8404                FlashIsOnGoing
 *(.gnu.linkonce.b.*)
 *(COMMON)
                0x000000003ffe8408                . = ALIGN (0x8)
 *fill*         0x000000003ffe8405        0x3 
                0x000000003ffe8408                _bss_end = ABSOLUTE (.)

.data           0x000000003ffe8408       0x18
                0x000000003ffe8408                _data_start = ABSOLUTE (.)
 *(.data)
 *(.data.*)
 .data.g_rom_flashchip
                0x000000003ffe8408       0x18 /home/ubuntu/esp/finger_scan/build/bootloader/spi_flash/libspi_flash.a(spi_flash.o)
                0x000000003ffe8408                g_rom_flashchip
 *(.gnu.linkonce.d.*)
 *(.data1)
 *(.sdata)
 *(.sdata.*)
 *(.gnu.linkonce.s.*)
 *(.sdata2)
 *(.sdata2.*)
 *(.gnu.linkonce.s2.*)
 *(.jcr)
                0x000000003ffe8420                _data_end = ABSOLUTE (.)

.rodata         0x000000003ffe8420      0xdd4
                0x000000003ffe8420                _rodata_start = ABSOLUTE (.)
 *(.rodata)
 *(.rodata.*)
 .rodata.str1.4
                0x000000003ffe8420       0x21 /home/ubuntu/esp/finger_scan/build/bootloader/main/libmain.a(bootloader_start.o)
 *fill*         0x000000003ffe8441        0x3 
 .rodata.str1.4
                0x000000003ffe8444       0xfe /home/ubuntu/esp/finger_scan/build/bootloader/bootloader_support/libbootloader_support.a(bootloader_init.o)
                                        0x10a (size before relaxing)
 *fill*         0x000000003ffe8542        0x2 
 .rodata.print_flash_info
                0x000000003ffe8544       0x28 /home/ubuntu/esp/finger_scan/build/bootloader/bootloader_support/libbootloader_support.a(bootloader_init.o)
 .rodata.str1.4
                0x000000003ffe856c      0x356 /home/ubuntu/esp/finger_scan/build/bootloader/bootloader_support/libbootloader_support.a(bootloader_utility.o)
                                        0x35e (size before relaxing)
 *fill*         0x000000003ffe88c2        0x2 
 .rodata.str1.4
                0x000000003ffe88c4      0x19f /home/ubuntu/esp/finger_scan/build/bootloader/bootloader_support/libbootloader_support.a(bootloader_flash.o)
 *fill*         0x000000003ffe8a63        0x1 
 .rodata.str1.4
                0x000000003ffe8a64       0xb4 /home/ubuntu/esp/finger_scan/build/bootloader/bootloader_support/libbootloader_support.a(flash_partitions.o)
 .rodata.str1.4
                0x000000003ffe8b18      0x26b /home/ubuntu/esp/finger_scan/build/bootloader/bootloader_support/libbootloader_support.a(esp_image_format.o)
                                        0x26f (size before relaxing)
 *fill*         0x000000003ffe8d83        0x1 
 .rodata.str1.4
                0x000000003ffe8d84       0x29 /home/ubuntu/esp/finger_scan/build/bootloader/spi_flash/libspi_flash.a(spi_flash.o)
 *fill*         0x000000003ffe8dad        0x3 
 .rodata.str1.4
                0x000000003ffe8db0       0x24 /home/ubuntu/esp/finger_scan/build/bootloader/log/liblog.a(log.o)
                                         0x22 (size before relaxing)
 .rodata.s_log_prefix
                0x000000003ffe8dd4        0x6 /home/ubuntu/esp/finger_scan/build/bootloader/log/liblog.a(log.o)
 *fill*         0x000000003ffe8dda        0x2 
 .rodata.s_log_color
                0x000000003ffe8ddc       0x18 /home/ubuntu/esp/finger_scan/build/bootloader/log/liblog.a(log.o)
 .rodata.crc32_le_table
                0x000000003ffe8df4      0x400 /home/ubuntu/esp/finger_scan/build/bootloader/esp8266/libesp8266.a(crc.o)
 *(.gnu.linkonce.r.*)
 *(.rodata1)
                0x000000003ffe91f4                __XT_EXCEPTION_TABLE_ = ABSOLUTE (.)
 *(.xt_except_table)
 *(.gcc_except_table)
 *(.gnu.linkonce.e.*)
 *(.gnu.version_r)
 *(.eh_frame)
                0x000000003ffe91f4                . = ((. + 0x3) & 0xfffffffffffffffc)
                0x000000003ffe91f4                __init_array_start = ABSOLUTE (.)
 *crtbegin.o(.ctors)
 *(EXCLUDE_FILE(*crtend.o) .ctors)
 *(SORT(.ctors.*))
 *(.ctors)
                0x000000003ffe91f4                __init_array_end = ABSOLUTE (.)
 *crtbegin.o(.dtors)
 *(EXCLUDE_FILE(*crtend.o) .dtors)
 *(SORT(.dtors.*))
 *(.dtors)
                0x000000003ffe91f4                __XT_EXCEPTION_DESCS_ = ABSOLUTE (.)
 *(.xt_except_desc)
 *(.gnu.linkonce.h.*)
                0x000000003ffe91f4                __XT_EXCEPTION_DESCS_END__ = ABSOLUTE (.)
 *(.xt_except_desc_end)
 *(.dynamic)
 *(.gnu.version_d)
                0x000000003ffe91f4                _rodata_end = ABSOLUTE (.)
                0x000000003ffe91f4                _lit4_start = ABSOLUTE (.)
 *(*.lit4)
 *(.lit4.*)
 *(.gnu.linkonce.lit4.*)
                0x000000003ffe91f4                _lit4_end = ABSOLUTE (.)
                0x000000003ffe91f4                . = ALIGN (0x4)
                0x000000003ffe91f4                _heap_start = ABSOLUTE (.)
                0x0000000060001100                PROVIDE (rtc_sys_info, 0x60001100)
                0x00000000400040c0                PROVIDE (SPI_sector_erase, 0x400040c0)
                0x0000000040004174                PROVIDE (SPI_page_program, 0x40004174)
                0x00000000400042ac                PROVIDE (SPI_read_data, 0x400042ac)
                0x00000000400043c8                PROVIDE (SPI_read_status, 0x400043c8)
                0x0000000040004400                PROVIDE (SPI_write_status, 0x40004400)
                0x000000004000443c                PROVIDE (SPI_write_enable, 0x4000443c)
                0x000000004000448c                PROVIDE (Wait_SPI_Idle, 0x4000448c)
                0x00000000400044c0                PROVIDE (Enable_QMode, 0x400044c0)
                [!provide]                        PROVIDE (Disable_QMode, 0x40004508)
                0x0000000040004678                PROVIDE (Cache_Read_Enable, 0x40004678)
                0x00000000400047f0                PROVIDE (Cache_Read_Disable, 0x400047f0)
                [!provide]                        PROVIDE (lldesc_build_chain, 0x40004f40)
                [!provide]                        PROVIDE (lldesc_num2link, 0x40005050)
                [!provide]                        PROVIDE (lldesc_set_owner, 0x4000507c)
                [!provide]                        PROVIDE (__adddf3, 0x4000c538)
                [!provide]                        PROVIDE (__addsf3, 0x4000c180)
                [!provide]                        PROVIDE (__divdf3, 0x4000cb94)
                [!provide]                        PROVIDE (__divdi3, 0x4000ce60)
                [!provide]                        PROVIDE (__divsi3, 0x4000dc88)
                [!provide]                        PROVIDE (__extendsfdf2, 0x4000cdfc)
                [!provide]                        PROVIDE (__fixdfsi, 0x4000ccb8)
                [!provide]                        PROVIDE (__fixunsdfsi, 0x4000cd00)
                [!provide]                        PROVIDE (__fixunssfsi, 0x4000c4c4)
                [!provide]                        PROVIDE (__floatsidf, 0x4000e2f0)
                [!provide]                        PROVIDE (__floatsisf, 0x4000e2ac)
                [!provide]                        PROVIDE (__floatunsidf, 0x4000e2e8)
                [!provide]                        PROVIDE (__floatunsisf, 0x4000e2a4)
                [!provide]                        PROVIDE (__muldf3, 0x4000c8f0)
                [!provide]                        PROVIDE (__muldi3, 0x40000650)
                [!provide]                        PROVIDE (__mulsf3, 0x4000c3dc)
                [!provide]                        PROVIDE (__subdf3, 0x4000c688)
                [!provide]                        PROVIDE (__subsf3, 0x4000c268)
                [!provide]                        PROVIDE (__truncdfsf2, 0x4000cd5c)
                [!provide]                        PROVIDE (__udivdi3, 0x4000d310)
                0x000000004000e21c                PROVIDE (__udivsi3, 0x4000e21c)
                [!provide]                        PROVIDE (__umoddi3, 0x4000d770)
                0x000000004000e268                PROVIDE (__umodsi3, 0x4000e268)
                [!provide]                        PROVIDE (__umulsidi3, 0x4000dcf0)
                [!provide]                        PROVIDE (bzero, 0x4000de84)
                [!provide]                        PROVIDE (memcmp, 0x4000dea8)
                0x000000004000df48                PROVIDE (memcpy, 0x4000df48)
                [!provide]                        PROVIDE (memmove, 0x4000e04c)
                0x000000004000e190                PROVIDE (memset, 0x4000e190)
                [!provide]                        PROVIDE (strcmp, 0x4000bdc8)
                [!provide]                        PROVIDE (strcpy, 0x4000bec8)
                [!provide]                        PROVIDE (strlen, 0x4000bf4c)
                [!provide]                        PROVIDE (strncmp, 0x4000bfa8)
                [!provide]                        PROVIDE (strncpy, 0x4000c0a0)
                [!provide]                        PROVIDE (strstr, 0x4000e1e0)
                0x0000000040004cf0                PROVIDE (gpio_input_get, 0x40004cf0)
                [!provide]                        PROVIDE (gpio_pin_wakeup_disable, 0x40004ed4)
                [!provide]                        PROVIDE (gpio_pin_wakeup_enable, 0x40004e90)
                0x0000000040001f00                PROVIDE (ets_io_vprintf, 0x40001f00)
                [!provide]                        PROVIDE (uart_rx_one_char, 0x40003b8c)
                [!provide]                        PROVIDE (rom_i2c_readReg, 0x40007268)
                [!provide]                        PROVIDE (rom_i2c_readReg_Mask, 0x4000729c)
                [!provide]                        PROVIDE (rom_i2c_writeReg, 0x400072d8)
                [!provide]                        PROVIDE (rom_i2c_writeReg_Mask, 0x4000730c)
                [!provide]                        PROVIDE (rom_software_reboot, 0x40000080)
                [!provide]                        PROVIDE (ets_memcpy, 0x400018b4)
                0x0000000040004b1c                PROVIDE (SPIRead, 0x40004b1c)
                0x0000000040004a4c                PROVIDE (SPIWrite, 0x40004a4c)
                0x0000000040004a00                PROVIDE (SPIEraseSector, 0x40004a00)
                [!provide]                        PROVIDE (gpio_input_get, 0x40004cf0)
                [!provide]                        PROVIDE (xthal_get_ccount, 0x4000dd38)
                [!provide]                        PROVIDE (uart_div_modify, 0x400039d8)
                [!provide]                        PROVIDE (ets_io_vprintf, 0x40001f00)
OUTPUT(/home/ubuntu/esp/finger_scan/build/bootloader/bootloader.elf elf32-xtensa-le)

.debug_frame    0x0000000000000000      0xb68
 .debug_frame   0x0000000000000000       0x74 /home/ubuntu/esp/finger_scan/build/bootloader/main/libmain.a(bootloader_start.o)
 .debug_frame   0x0000000000000074       0xb4 /home/ubuntu/esp/finger_scan/build/bootloader/bootloader_support/libbootloader_support.a(bootloader_init.o)
 .debug_frame   0x0000000000000128      0x140 /home/ubuntu/esp/finger_scan/build/bootloader/bootloader_support/libbootloader_support.a(bootloader_utility.o)
 .debug_frame   0x0000000000000268       0xdc /home/ubuntu/esp/finger_scan/build/bootloader/bootloader_support/libbootloader_support.a(bootloader_flash.o)
 .debug_frame   0x0000000000000344       0x74 /home/ubuntu/esp/finger_scan/build/bootloader/bootloader_support/libbootloader_support.a(bootloader_common.o)
 .debug_frame   0x00000000000003b8       0x38 /home/ubuntu/esp/finger_scan/build/bootloader/bootloader_support/libbootloader_support.a(flash_partitions.o)
 .debug_frame   0x00000000000003f0      0x13c /home/ubuntu/esp/finger_scan/build/bootloader/bootloader_support/libbootloader_support.a(esp_image_format.o)
 .debug_frame   0x000000000000052c      0x350 /home/ubuntu/esp/finger_scan/build/bootloader/spi_flash/libspi_flash.a(spi_flash.o)
 .debug_frame   0x000000000000087c      0x16c /home/ubuntu/esp/finger_scan/build/bootloader/spi_flash/libspi_flash.a(spi_flash_raw.o)
 .debug_frame   0x00000000000009e8       0x58 /home/ubuntu/esp/finger_scan/build/bootloader/log/liblog.a(log.o)
 .debug_frame   0x0000000000000a40       0x80 /home/ubuntu/esp/finger_scan/build/bootloader/esp8266/libesp8266.a(ets_printf.o)
 .debug_frame   0x0000000000000ac0       0x40 /home/ubuntu/esp/finger_scan/build/bootloader/esp8266/libesp8266.a(crc.o)
 .debug_frame   0x0000000000000b00       0x68 /home/ubuntu/esp/finger_scan/build/bootloader/esp8266/libesp8266.a(esp_fast_boot.o)

.debug_info     0x0000000000000000     0x5601
 .debug_info    0x0000000000000000      0x4b5 /home/ubuntu/esp/finger_scan/build/bootloader/main/libmain.a(bootloader_start.o)
 .debug_info    0x00000000000004b5      0x4fd /home/ubuntu/esp/finger_scan/build/bootloader/bootloader_support/libbootloader_support.a(bootloader_init.o)
 .debug_info    0x00000000000009b2      0xe2c /home/ubuntu/esp/finger_scan/build/bootloader/bootloader_support/libbootloader_support.a(bootloader_utility.o)
 .debug_info    0x00000000000017de      0x547 /home/ubuntu/esp/finger_scan/build/bootloader/bootloader_support/libbootloader_support.a(bootloader_flash.o)
 .debug_info    0x0000000000001d25      0x341 /home/ubuntu/esp/finger_scan/build/bootloader/bootloader_support/libbootloader_support.a(bootloader_common.o)
 .debug_info    0x0000000000002066      0x3d6 /home/ubuntu/esp/finger_scan/build/bootloader/bootloader_support/libbootloader_support.a(flash_partitions.o)
 .debug_info    0x000000000000243c      0xcf6 /home/ubuntu/esp/finger_scan/build/bootloader/bootloader_support/libbootloader_support.a(esp_image_format.o)
 .debug_info    0x0000000000003132     0x134f /home/ubuntu/esp/finger_scan/build/bootloader/spi_flash/libspi_flash.a(spi_flash.o)
 .debug_info    0x0000000000004481      0x756 /home/ubuntu/esp/finger_scan/build/bootloader/spi_flash/libspi_flash.a(spi_flash_raw.o)
 .debug_info    0x0000000000004bd7      0x307 /home/ubuntu/esp/finger_scan/build/bootloader/log/liblog.a(log.o)
 .debug_info    0x0000000000004ede      0x21f /home/ubuntu/esp/finger_scan/build/bootloader/esp8266/libesp8266.a(ets_printf.o)
 .debug_info    0x00000000000050fd      0x209 /home/ubuntu/esp/finger_scan/build/bootloader/esp8266/libesp8266.a(crc.o)
 .debug_info    0x0000000000005306      0x2fb /home/ubuntu/esp/finger_scan/build/bootloader/esp8266/libesp8266.a(esp_fast_boot.o)

.debug_abbrev   0x0000000000000000     0x1597
 .debug_abbrev  0x0000000000000000      0x18e /home/ubuntu/esp/finger_scan/build/bootloader/main/libmain.a(bootloader_start.o)
 .debug_abbrev  0x000000000000018e      0x1c1 /home/ubuntu/esp/finger_scan/build/bootloader/bootloader_support/libbootloader_support.a(bootloader_init.o)
 .debug_abbrev  0x000000000000034f      0x244 /home/ubuntu/esp/finger_scan/build/bootloader/bootloader_support/libbootloader_support.a(bootloader_utility.o)
 .debug_abbrev  0x0000000000000593      0x173 /home/ubuntu/esp/finger_scan/build/bootloader/bootloader_support/libbootloader_support.a(bootloader_flash.o)
 .debug_abbrev  0x0000000000000706      0x1aa /home/ubuntu/esp/finger_scan/build/bootloader/bootloader_support/libbootloader_support.a(bootloader_common.o)
 .debug_abbrev  0x00000000000008b0      0x16e /home/ubuntu/esp/finger_scan/build/bootloader/bootloader_support/libbootloader_support.a(flash_partitions.o)
 .debug_abbrev  0x0000000000000a1e      0x1e6 /home/ubuntu/esp/finger_scan/build/bootloader/bootloader_support/libbootloader_support.a(esp_image_format.o)
 .debug_abbrev  0x0000000000000c04      0x306 /home/ubuntu/esp/finger_scan/build/bootloader/spi_flash/libspi_flash.a(spi_flash.o)
 .debug_abbrev  0x0000000000000f0a      0x176 /home/ubuntu/esp/finger_scan/build/bootloader/spi_flash/libspi_flash.a(spi_flash_raw.o)
 .debug_abbrev  0x0000000000001080      0x1c8 /home/ubuntu/esp/finger_scan/build/bootloader/log/liblog.a(log.o)
 .debug_abbrev  0x0000000000001248      0x159 /home/ubuntu/esp/finger_scan/build/bootloader/esp8266/libesp8266.a(ets_printf.o)
 .debug_abbrev  0x00000000000013a1       0xaf /home/ubuntu/esp/finger_scan/build/bootloader/esp8266/libesp8266.a(crc.o)
 .debug_abbrev  0x0000000000001450      0x147 /home/ubuntu/esp/finger_scan/build/bootloader/esp8266/libesp8266.a(esp_fast_boot.o)

.debug_loc      0x0000000000000000     0x32c1
 .debug_loc     0x0000000000000000       0x76 /home/ubuntu/esp/finger_scan/build/bootloader/main/libmain.a(bootloader_start.o)
 .debug_loc     0x0000000000000076       0xf6 /home/ubuntu/esp/finger_scan/build/bootloader/bootloader_support/libbootloader_support.a(bootloader_init.o)
 .debug_loc     0x000000000000016c      0x62d /home/ubuntu/esp/finger_scan/build/bootloader/bootloader_support/libbootloader_support.a(bootloader_utility.o)
 .debug_loc     0x0000000000000799      0x3a7 /home/ubuntu/esp/finger_scan/build/bootloader/bootloader_support/libbootloader_support.a(bootloader_flash.o)
 .debug_loc     0x0000000000000b40      0x2e6 /home/ubuntu/esp/finger_scan/build/bootloader/bootloader_support/libbootloader_support.a(bootloader_common.o)
 .debug_loc     0x0000000000000e26      0x108 /home/ubuntu/esp/finger_scan/build/bootloader/bootloader_support/libbootloader_support.a(flash_partitions.o)
 .debug_loc     0x0000000000000f2e      0x991 /home/ubuntu/esp/finger_scan/build/bootloader/bootloader_support/libbootloader_support.a(esp_image_format.o)
 .debug_loc     0x00000000000018bf     0x10ba /home/ubuntu/esp/finger_scan/build/bootloader/spi_flash/libspi_flash.a(spi_flash.o)
 .debug_loc     0x0000000000002979      0x5a0 /home/ubuntu/esp/finger_scan/build/bootloader/spi_flash/libspi_flash.a(spi_flash_raw.o)
 .debug_loc     0x0000000000002f19       0xe1 /home/ubuntu/esp/finger_scan/build/bootloader/log/liblog.a(log.o)
 .debug_loc     0x0000000000002ffa       0x9b /home/ubuntu/esp/finger_scan/build/bootloader/esp8266/libesp8266.a(ets_printf.o)
 .debug_loc     0x0000000000003095      0x192 /home/ubuntu/esp/finger_scan/build/bootloader/esp8266/libesp8266.a(crc.o)
 .debug_loc     0x0000000000003227       0x9a /home/ubuntu/esp/finger_scan/build/bootloader/esp8266/libesp8266.a(esp_fast_boot.o)

.debug_aranges  0x0000000000000000      0x3e0
 .debug_aranges
                0x0000000000000000       0x30 /home/ubuntu/esp/finger_scan/build/bootloader/main/libmain.a(bootloader_start.o)
 .debug_aranges
                0x0000000000000030       0x40 /home/ubuntu/esp/finger_scan/build/bootloader/bootloader_support/libbootloader_support.a(bootloader_init.o)
 .debug_aranges
                0x0000000000000070       0x60 /home/ubuntu/esp/finger_scan/build/bootloader/bootloader_support/libbootloader_support.a(bootloader_utility.o)
 .debug_aranges
                0x00000000000000d0       0x48 /home/ubuntu/esp/finger_scan/build/bootloader/bootloader_support/libbootloader_support.a(bootloader_flash.o)
 .debug_aranges
                0x0000000000000118       0x30 /home/ubuntu/esp/finger_scan/build/bootloader/bootloader_support/libbootloader_support.a(bootloader_common.o)
 .debug_aranges
                0x0000000000000148       0x20 /home/ubuntu/esp/finger_scan/build/bootloader/bootloader_support/libbootloader_support.a(flash_partitions.o)
 .debug_aranges
                0x0000000000000168       0x60 /home/ubuntu/esp/finger_scan/build/bootloader/bootloader_support/libbootloader_support.a(esp_image_format.o)
 .debug_aranges
                0x00000000000001c8       0xe8 /home/ubuntu/esp/finger_scan/build/bootloader/spi_flash/libspi_flash.a(spi_flash.o)
 .debug_aranges
                0x00000000000002b0       0x70 /home/ubuntu/esp/finger_scan/build/bootloader/spi_flash/libspi_flash.a(spi_flash_raw.o)
 .debug_aranges
                0x0000000000000320       0x28 /home/ubuntu/esp/finger_scan/build/bootloader/log/liblog.a(log.o)
 .debug_aranges
                0x0000000000000348       0x38 /home/ubuntu/esp/finger_scan/build/bootloader/esp8266/libesp8266.a(ets_printf.o)
 .debug_aranges
                0x0000000000000380       0x30 /home/ubuntu/esp/finger_scan/build/bootloader/esp8266/libesp8266.a(crc.o)
 .debug_aranges
                0x00000000000003b0       0x30 /home/ubuntu/esp/finger_scan/build/bootloader/esp8266/libesp8266.a(esp_fast_boot.o)

.debug_ranges   0x0000000000000000      0x428
 .debug_ranges  0x0000000000000000       0x20 /home/ubuntu/esp/finger_scan/build/bootloader/main/libmain.a(bootloader_start.o)
 .debug_ranges  0x0000000000000020       0x30 /home/ubuntu/esp/finger_scan/build/bootloader/bootloader_support/libbootloader_support.a(bootloader_init.o)
 .debug_ranges  0x0000000000000050       0x50 /home/ubuntu/esp/finger_scan/build/bootloader/bootloader_support/libbootloader_support.a(bootloader_utility.o)
 .debug_ranges  0x00000000000000a0       0x38 /home/ubuntu/esp/finger_scan/build/bootloader/bootloader_support/libbootloader_support.a(bootloader_flash.o)
 .debug_ranges  0x00000000000000d8       0x20 /home/ubuntu/esp/finger_scan/build/bootloader/bootloader_support/libbootloader_support.a(bootloader_common.o)
 .debug_ranges  0x00000000000000f8       0x40 /home/ubuntu/esp/finger_scan/build/bootloader/bootloader_support/libbootloader_support.a(flash_partitions.o)
 .debug_ranges  0x0000000000000138       0x80 /home/ubuntu/esp/finger_scan/build/bootloader/bootloader_support/libbootloader_support.a(esp_image_format.o)
 .debug_ranges  0x00000000000001b8      0x190 /home/ubuntu/esp/finger_scan/build/bootloader/spi_flash/libspi_flash.a(spi_flash.o)
 .debug_ranges  0x0000000000000348       0x60 /home/ubuntu/esp/finger_scan/build/bootloader/spi_flash/libspi_flash.a(spi_flash_raw.o)
 .debug_ranges  0x00000000000003a8       0x18 /home/ubuntu/esp/finger_scan/build/bootloader/log/liblog.a(log.o)
 .debug_ranges  0x00000000000003c0       0x28 /home/ubuntu/esp/finger_scan/build/bootloader/esp8266/libesp8266.a(ets_printf.o)
 .debug_ranges  0x00000000000003e8       0x20 /home/ubuntu/esp/finger_scan/build/bootloader/esp8266/libesp8266.a(crc.o)
 .debug_ranges  0x0000000000000408       0x20 /home/ubuntu/esp/finger_scan/build/bootloader/esp8266/libesp8266.a(esp_fast_boot.o)

.debug_line     0x0000000000000000     0x3f32
 .debug_line    0x0000000000000000      0x354 /home/ubuntu/esp/finger_scan/build/bootloader/main/libmain.a(bootloader_start.o)
 .debug_line    0x0000000000000354      0x477 /home/ubuntu/esp/finger_scan/build/bootloader/bootloader_support/libbootloader_support.a(bootloader_init.o)
 .debug_line    0x00000000000007cb      0x846 /home/ubuntu/esp/finger_scan/build/bootloader/bootloader_support/libbootloader_support.a(bootloader_utility.o)
 .debug_line    0x0000000000001011      0x3e7 /home/ubuntu/esp/finger_scan/build/bootloader/bootloader_support/libbootloader_support.a(bootloader_flash.o)
 .debug_line    0x00000000000013f8      0x325 /home/ubuntu/esp/finger_scan/build/bootloader/bootloader_support/libbootloader_support.a(bootloader_common.o)
 .debug_line    0x000000000000171d      0x33d /home/ubuntu/esp/finger_scan/build/bootloader/bootloader_support/libbootloader_support.a(flash_partitions.o)
 .debug_line    0x0000000000001a5a      0x737 /home/ubuntu/esp/finger_scan/build/bootloader/bootloader_support/libbootloader_support.a(esp_image_format.o)
 .debug_line    0x0000000000002191      0xd0b /home/ubuntu/esp/finger_scan/build/bootloader/spi_flash/libspi_flash.a(spi_flash.o)
 .debug_line    0x0000000000002e9c      0x63f /home/ubuntu/esp/finger_scan/build/bootloader/spi_flash/libspi_flash.a(spi_flash_raw.o)
 .debug_line    0x00000000000034db      0x335 /home/ubuntu/esp/finger_scan/build/bootloader/log/liblog.a(log.o)
 .debug_line    0x0000000000003810      0x252 /home/ubuntu/esp/finger_scan/build/bootloader/esp8266/libesp8266.a(ets_printf.o)
 .debug_line    0x0000000000003a62      0x1c7 /home/ubuntu/esp/finger_scan/build/bootloader/esp8266/libesp8266.a(crc.o)
 .debug_line    0x0000000000003c29      0x309 /home/ubuntu/esp/finger_scan/build/bootloader/esp8266/libesp8266.a(esp_fast_boot.o)

.debug_str      0x0000000000000000     0x1885
 .debug_str     0x0000000000000000      0x455 /home/ubuntu/esp/finger_scan/build/bootloader/main/libmain.a(bootloader_start.o)
                                        0x4de (size before relaxing)
 .debug_str     0x0000000000000455      0x2fb /home/ubuntu/esp/finger_scan/build/bootloader/bootloader_support/libbootloader_support.a(bootloader_init.o)
                                        0x596 (size before relaxing)
 .debug_str     0x0000000000000750      0x2e9 /home/ubuntu/esp/finger_scan/build/bootloader/bootloader_support/libbootloader_support.a(bootloader_utility.o)
                                        0x782 (size before relaxing)
 .debug_str     0x0000000000000a39      0x13c /home/ubuntu/esp/finger_scan/build/bootloader/bootloader_support/libbootloader_support.a(bootloader_flash.o)
                                        0x3a8 (size before relaxing)
 .debug_str     0x0000000000000b75      0x168 /home/ubuntu/esp/finger_scan/build/bootloader/bootloader_support/libbootloader_support.a(bootloader_common.o)
                                        0x381 (size before relaxing)
 .debug_str     0x0000000000000cdd       0xe0 /home/ubuntu/esp/finger_scan/build/bootloader/bootloader_support/libbootloader_support.a(flash_partitions.o)
                                        0x3af (size before relaxing)
 .debug_str     0x0000000000000dbd      0x1c4 /home/ubuntu/esp/finger_scan/build/bootloader/bootloader_support/libbootloader_support.a(esp_image_format.o)
                                        0x777 (size before relaxing)
 .debug_str     0x0000000000000f81      0x52d /home/ubuntu/esp/finger_scan/build/bootloader/spi_flash/libspi_flash.a(spi_flash.o)
                                        0x919 (size before relaxing)
 .debug_str     0x00000000000014ae      0x129 /home/ubuntu/esp/finger_scan/build/bootloader/spi_flash/libspi_flash.a(spi_flash_raw.o)
                                        0x4c2 (size before relaxing)
 .debug_str     0x00000000000015d7      0x109 /home/ubuntu/esp/finger_scan/build/bootloader/log/liblog.a(log.o)
                                        0x2c4 (size before relaxing)
 .debug_str     0x00000000000016e0       0xaa /home/ubuntu/esp/finger_scan/build/bootloader/esp8266/libesp8266.a(ets_printf.o)
                                        0x216 (size before relaxing)
 .debug_str     0x000000000000178a       0x80 /home/ubuntu/esp/finger_scan/build/bootloader/esp8266/libesp8266.a(crc.o)
                                        0x1a4 (size before relaxing)
 .debug_str     0x000000000000180a       0x7b /home/ubuntu/esp/finger_scan/build/bootloader/esp8266/libesp8266.a(esp_fast_boot.o)
                                        0x2e6 (size before relaxing)

.comment        0x0000000000000000       0x75
 .comment       0x0000000000000000       0x3b /home/ubuntu/esp/finger_scan/build/bootloader/main/libmain.a(bootloader_start.o)
                                         0x3c (size before relaxing)
 .comment       0x000000000000003b       0x3c /home/ubuntu/esp/finger_scan/build/bootloader/bootloader_support/libbootloader_support.a(bootloader_init.o)
 .comment       0x000000000000003b       0x3c /home/ubuntu/esp/finger_scan/build/bootloader/bootloader_support/libbootloader_support.a(bootloader_utility.o)
 .comment       0x000000000000003b       0x3c /home/ubuntu/esp/finger_scan/build/bootloader/bootloader_support/libbootloader_support.a(bootloader_flash.o)
 .comment       0x000000000000003b       0x3c /home/ubuntu/esp/finger_scan/build/bootloader/bootloader_support/libbootloader_support.a(bootloader_common.o)
 .comment       0x000000000000003b       0x3c /home/ubuntu/esp/finger_scan/build/bootloader/bootloader_support/libbootloader_support.a(flash_partitions.o)
 .comment       0x000000000000003b       0x3c /home/ubuntu/esp/finger_scan/build/bootloader/bootloader_support/libbootloader_support.a(esp_image_format.o)
 .comment       0x000000000000003b       0x3c /home/ubuntu/esp/finger_scan/build/bootloader/spi_flash/libspi_flash.a(spi_flash.o)
 .comment       0x000000000000003b       0x3c /home/ubuntu/esp/finger_scan/build/bootloader/spi_flash/libspi_flash.a(spi_flash_raw.o)
 .comment       0x000000000000003b       0x3c /home/ubuntu/esp/finger_scan/build/bootloader/log/liblog.a(log.o)
 .comment       0x000000000000003b       0x3c /home/ubuntu/esp/finger_scan/build/bootloader/esp8266/libesp8266.a(ets_printf.o)
 .comment       0x000000000000003b       0x3c /home/ubuntu/esp/finger_scan/build/bootloader/esp8266/libesp8266.a(crc.o)
 .comment       0x000000000000003b       0x3c /home/ubuntu/esp/finger_scan/build/bootloader/esp8266/libesp8266.a(esp_fast_boot.o)
 .comment       0x000000000000003b       0x3a /home/ubuntu/esp/ESP8266_RTOS_SDK/components/esp8266/lib/libcore.a(phy.o)
                                         0x3b (size before relaxing)
 .comment       0x0000000000000075       0x3b /home/ubuntu/esp/ESP8266_RTOS_SDK/components/esp8266/lib/libcore.a(uart.o)

.xtensa.info    0x0000000000000000       0x38
 .xtensa.info   0x0000000000000000       0x38 /home/ubuntu/esp/finger_scan/build/bootloader/main/libmain.a(bootloader_start.o)
 .xtensa.info   0x0000000000000038        0x0 /home/ubuntu/esp/finger_scan/build/bootloader/bootloader_support/libbootloader_support.a(bootloader_init.o)
 .xtensa.info   0x0000000000000038        0x0 /home/ubuntu/esp/finger_scan/build/bootloader/bootloader_support/libbootloader_support.a(bootloader_utility.o)
 .xtensa.info   0x0000000000000038        0x0 /home/ubuntu/esp/finger_scan/build/bootloader/bootloader_support/libbootloader_support.a(bootloader_flash.o)
 .xtensa.info   0x0000000000000038        0x0 /home/ubuntu/esp/finger_scan/build/bootloader/bootloader_support/libbootloader_support.a(bootloader_common.o)
 .xtensa.info   0x0000000000000038        0x0 /home/ubuntu/esp/finger_scan/build/bootloader/bootloader_support/libbootloader_support.a(flash_partitions.o)
 .xtensa.info   0x0000000000000038        0x0 /home/ubuntu/esp/finger_scan/build/bootloader/bootloader_support/libbootloader_support.a(esp_image_format.o)
 .xtensa.info   0x0000000000000038        0x0 /home/ubuntu/esp/finger_scan/build/bootloader/spi_flash/libspi_flash.a(spi_flash.o)
 .xtensa.info   0x0000000000000038        0x0 /home/ubuntu/esp/finger_scan/build/bootloader/spi_flash/libspi_flash.a(spi_flash_raw.o)
 .xtensa.info   0x0000000000000038        0x0 /home/ubuntu/esp/finger_scan/build/bootloader/log/liblog.a(log.o)
 .xtensa.info   0x0000000000000038        0x0 /home/ubuntu/esp/finger_scan/build/bootloader/esp8266/libesp8266.a(ets_printf.o)
 .xtensa.info   0x0000000000000038        0x0 /home/ubuntu/esp/finger_scan/build/bootloader/esp8266/libesp8266.a(crc.o)
 .xtensa.info   0x0000000000000038        0x0 /home/ubuntu/esp/finger_scan/build/bootloader/esp8266/libesp8266.a(esp_fast_boot.o)
 .xtensa.info   0x0000000000000038        0x0 /home/ubuntu/esp/ESP8266_RTOS_SDK/components/esp8266/lib/libcore.a(phy.o)
 .xtensa.info   0x0000000000000038        0x0 /home/ubuntu/esp/ESP8266_RTOS_SDK/components/esp8266/lib/libcore.a(uart.o)
